
 ---> Removed intermediate container 4b4f0c77ffc1
 ---> 4959b138bba9
Step 8/10 : RUN npm run build
 ---> Running in 89ca37344884

> expertos@1.0.0 build
> next build

Attention: Next.js now collects completely anonymous telemetry regarding usage.
This information is used to shape Next.js' roadmap and prioritize features.
You can learn more, including how to opt-out if you'd not like to participate in this anonymous program, by visiting the following URL:
https://nextjs.org/telemetry

  ▲ Next.js 14.2.5
  - Environments: .env

   Creating an optimized production build ...
 ✓ Compiled successfully
   Linting and checking validity of types ...
[91mFailed to compile.

[0m[91mapp/api/fees/generate/route.ts
Type error: Route "app/api/fees/generate/route.ts" has an invalid export:
  "Promise<unknown>" is not a valid POST return type:
    Expected "void | Response | Promise<void | Response>", got "Promise<unknown>".
      Expected "Promise<void | Response>", got "Promise<unknown>".
        Expected "void | Response", got "unknown".

[0mThe command '/bin/sh -c npm run build' returned a non-zero code: 1
