DEPRECATED: The legacy builder is deprecated and will be removed in a future release.
            Install the buildx component to build images with BuildKit:
            https://docs.docker.com/go/buildx/

Sending build context to Docker daemon  53.41MB
Step 1/10 : FROM node:20-slim
 ---> f9e4b0719958
Step 2/10 : RUN apt-get update && apt-get install -y openssl ca-certificates curl && rm -rf /var/lib/apt/lists/*
 ---> Using cache
 ---> 98842054a830
Step 3/10 : WORKDIR /app
 ---> Using cache
 ---> 6a18d6dac6ba
Step 4/10 : COPY package*.json ./
 ---> Using cache
 ---> 4371d98aa419
Step 5/10 : RUN npm install --legacy-peer-deps --ignore-scripts
 ---> Using cache
 ---> 20fe2291d5d7
Step 6/10 : COPY . .
 ---> 38b62ad61f7e
Step 7/10 : RUN npx prisma@5.22.0 generate
 ---> Running in eee32d402f8a
Environment variables loaded from .env
Prisma schema loaded from prisma/schema.prisma

✔ Generated Prisma Client (v5.22.0) to ./node_modules/@prisma/client in 538ms

Start by importing your Prisma Client (See: https://pris.ly/d/importing-client)

Tip: Want real-time updates to your database without manual polling? Discover how with Pulse: https://pris.ly/tip-0-pulse

 ---> Removed intermediate container eee32d402f8a
 ---> eb34751d7df4
Step 8/10 : RUN npm run build
 ---> Running in d1986e38892b

> expertos@1.0.0 build
> next build

Attention: Next.js now collects completely anonymous telemetry regarding usage.
This information is used to shape Next.js' roadmap and prioritize features.
You can learn more, including how to opt-out if you'd not like to participate in this anonymous program, by visiting the following URL:
https://nextjs.org/telemetry

  ▲ Next.js 14.2.5
  - Environments: .env

   Creating an optimized production build ...
 ✓ Compiled successfully
   Skipping validation of types
   Skipping linting
   Collecting page data ...
[91m ⚠ Using edge runtime on a page currently disables static generation for that page
[0m   Generating static pages (0/46) ...
[91mAnalytics error: q [Error]: Dynamic server usage: Route /api/analytics couldn't be rendered statically because it used `request.url`. See more info here: https://nextjs.org/docs/messages/dynamic-server-error
    at W (/app/node_modules/next/dist/compiled/next-server/app-route.runtime.prod.js:6:21106)
    at Object.get (/app/node_modules/next/dist/compiled/next-server/app-route.runtime.prod.js:6:28459)
    at c (/app/.next/server/app/api/analytics/route.js:1:609)
    at /app/node_modules/next/dist/compiled/next-server/app-route.runtime.prod.js:6:36264
    at /app/node_modules/next/dist/server/lib/trace/tracer.js:140:36
    at NoopContextManager.with (/app/node_modules/next/dist/compiled/@opentelemetry/api/index.js:1:7062)
    at ContextAPI.with (/app/node_modules/next/dist/compiled/@opentelemetry/api/index.js:1:518)
    at NoopTracer.startActiveSpan (/app/node_modules/next/dist/compiled/@opentelemetry/api/index.js:1:18093)
    at ProxyTracer.startActiveSpan (/app/node_modules/next/dist/compiled/@opentelemetry/api/index.js:1:18854)
    at /app/node_modules/next/dist/server/lib/trace/tracer.js:122:103 {
  description: "Route /api/analytics couldn't be rendered statically because it used `request.url`. See more info here: https://nextjs.org/docs/messages/dynamic-server-error",
  digest: 'DYNAMIC_SERVER_USAGE'
}
[0m[91mAnalytics API Error: PrismaClientInitializationError: 
Invalid `prisma.case.count()` invocation:


Can't reach database server at `db:5432`

Please make sure your database server is running at `db:5432`.
    at $n.handleRequestError (/app/node_modules/@prisma/client/runtime/library.js:121:7615)
    at $n.handleAndLogRequestError (/app/node_modules/@prisma/client/runtime/library.js:121:6623)
    at $n.request (/app/node_modules/@prisma/client/runtime/library.js:121:6307)
    at async l (/app/node_modules/@prisma/client/runtime/library.js:130:9633)
    at async l (/app/.next/server/app/api/analytics/stats/route.js:1:652)
    at async /app/node_modules/next/dist/compiled/next-server/app-route.runtime.prod.js:6:36258
    at async eR.execute (/app/node_modules/next/dist/compiled/next-server/app-route.runtime.prod.js:6:26874)
    at async eR.handle (/app/node_modules/next/dist/compiled/next-server/app-route.runtime.prod.js:6:37512)
    at async exportAppRoute (/app/node_modules/next/dist/export/routes/app-route.js:77:26)
    at async exportPageImpl (/app/node_modules/next/dist/export/worker.js:175:20) {
  clientVersion: '5.22.0',
  errorCode: undefined
}
[0m   Generating static pages (11/46) 
   Generating static pages (22/46) 
[91mSearch error: q [Error]: Dynamic server usage: Route /api/search couldn't be rendered statically because it used `request.url`. See more info here: https://nextjs.org/docs/messages/dynamic-server-error
    at W (/app/node_modules/next/dist/compiled/next-server/app-route.runtime.prod.js:6:21106)
    at Object.get (/app/node_modules/next/dist/compiled/next-server/app-route.runtime.prod.js:6:28459)
    at u (/app/.next/server/app/api/search/route.js:1:601)
    at /app/node_modules/next/dist/compiled/next-server/app-route.runtime.prod.js:6:36264
    at /app/node_modules/next/dist/server/lib/trace/tracer.js:140:36
    at NoopContextManager.with (/app/node_modules/next/dist/compiled/@opentelemetry/api/index.js:1:7062)
    at ContextAPI.with (/app/node_modules/next/dist/compiled/@opentelemetry/api/index.js:1:518)
    at NoopTracer.startActiveSpan (/app/node_modules/next/dist/compiled/@opentelemetry/api/index.js:1:18093)
    at ProxyTracer.startActiveSpan (/app/node_modules/next/dist/compiled/@opentelemetry/api/index.js:1:18854)
    at /app/node_modules/next/dist/server/lib/trace/tracer.js:122:103 {
  description: "Route /api/search couldn't be rendered statically because it used `request.url`. See more info here: https://nextjs.org/docs/messages/dynamic-server-error",
  digest: 'DYNAMIC_SERVER_USAGE'
}
Error fetching stats: q [Error]: Dynamic server usage: Route /api/stats couldn't be rendered statically because it used `request.url`. See more info here: https://nextjs.org/docs/messages/dynamic-server-error
    at W (/app/node_modules/next/dist/compiled/next-server/app-route.runtime.prod.js:6:21106)
    at Object.get (/app/node_modules/next/dist/compiled/next-server/app-route.runtime.prod.js:6:28459)
    at c (/app/.next/server/app/api/stats/route.js:1:1547)
    at /app/node_modules/next/dist/compiled/next-server/app-route.runtime.prod.js:6:36264
    at /app/node_modules/next/dist/server/lib/trace/tracer.js:140:36
    at NoopContextManager.with (/app/node_modules/next/dist/compiled/@opentelemetry/api/index.js:1:7062)
    at ContextAPI.with (/app/node_modules/next/dist/compiled/@opentelemetry/api/index.js:1:518)
    at NoopTracer.startActiveSpan (/app/node_modules/next/dist/compiled/@opentelemetry/api/index.js:1:18093)
    at ProxyTracer.startActiveSpan (/app/node_modules/next/dist/compiled/@opentelemetry/api/index.js:1:18854)
    at /app/node_modules/next/dist/server/lib/trace/tracer.js:122:103 {
  description: "Route /api/stats couldn't be rendered statically because it used `request.url`. See more info here: https://nextjs.org/docs/messages/dynamic-server-error",
  digest: 'DYNAMIC_SERVER_USAGE'
}
[0m   Generating static pages (34/46) 
 ✓ Generating static pages (46/46)
   Finalizing page optimization ...
   Collecting build traces ...

Route (app)                              Size     First Load JS
┌ ○ /                                    179 B          87.5 kB
├ ○ /_not-found                          879 B          88.2 kB
├ ƒ /admin                               194 B          94.4 kB
├ ƒ /admin/orders                        179 B          87.5 kB
├ ○ /analytics                           179 B          87.5 kB
├ ƒ /api/analytics                       0 B                0 B
├ ƒ /api/analytics/stats                 0 B                0 B
├ ƒ /api/audit                           0 B                0 B
├ ƒ /api/auth/[...nextauth]              0 B                0 B
├ ƒ /api/calculations                    0 B                0 B
├ ƒ /api/cases                           0 B                0 B
├ ƒ /api/cases/[id]                      0 B                0 B
├ ƒ /api/cases/[id]/calculations         0 B                0 B
├ ƒ /api/cases/[id]/payment              0 B                0 B
├ ƒ /api/courts                          0 B                0 B
├ ƒ /api/documents                       0 B                0 B
├ ƒ /api/documents/[id]/category         0 B                0 B
├ ƒ /api/documents/batch-upload          0 B                0 B
├ ƒ /api/export                          0 B                0 B
├ ƒ /api/fees                            0 B                0 B
├ ƒ /api/fees/generate                   0 B                0 B
├ ○ /api/health                          0 B                0 B
├ ƒ /api/ingest                          0 B                0 B
├ ƒ /api/meetings                        0 B                0 B
├ ƒ /api/notifications                   0 B                0 B
├ ƒ /api/ocr                             0 B                0 B
├ ƒ /api/og                              0 B                0 B
├ ƒ /api/preferences                     0 B                0 B
├ ƒ /api/reports                         0 B                0 B
├ ƒ /api/reports/generate                0 B                0 B
├ ƒ /api/search                          0 B                0 B
├ ƒ /api/stats                           0 B                0 B
├ ƒ /api/timeline                        0 B                0 B
├ ƒ /api/user                            0 B                0 B
├ ƒ /api/webhooks/stripe                 0 B                0 B
├ ○ /calendar                            194 B          94.4 kB
├ ƒ /cases                               194 B          94.4 kB
├ ƒ /cases/[id]                          194 B          94.4 kB
├ ƒ /cases/[id]/calculation              8.56 kB         135 kB
├ ƒ /cases/[id]/documents                9.53 kB         136 kB
├ ƒ /cases/[id]/finance                  5.25 kB         132 kB
├ ƒ /cases/[id]/meetings                 5.88 kB         133 kB
├ ƒ /cases/[id]/report                   15.1 kB         142 kB
├ ○ /cases/new                           4.05 kB         137 kB
├ ƒ /dashboard                           1.91 kB         128 kB
├ ƒ /dashboard/billing                   3.72 kB         130 kB
├ ○ /dashboard/charts                    116 kB          231 kB
├ ƒ /dashboard/settings                  5.16 kB         173 kB
├ ○ /documents                           7.59 kB         145 kB
├ ○ /help                                194 B          94.4 kB
├ ƒ /login                               159 B           154 kB
├ ○ /opengraph-image.jpg                 0 B                0 B
├ ƒ /register                            159 B           154 kB
├ ○ /reports                             194 B          94.4 kB
├ ○ /robots.txt                          0 B                0 B
└ ○ /templates                           179 B          87.5 kB
+ First Load JS shared by all            87.3 kB
  ├ chunks/7023-99dc8a4785bb2f92.js      31.7 kB
  ├ chunks/fd9d1056-a973b107f852ae69.js  53.6 kB
  └ other shared chunks (total)          2.02 kB


ƒ Middleware                             27.4 kB

○  (Static)   prerendered as static content
ƒ  (Dynamic)  server-rendered on demand

 ---> Removed intermediate container d1986e38892b
 ---> b8a540fa4d5e
Step 9/10 : EXPOSE 3000
 ---> Running in 04641c586ead
 ---> Removed intermediate container 04641c586ead
 ---> 73edbddedc43
Step 10/10 : CMD ["npm", "start"]
 ---> Running in d4c5c2af49d1
 ---> Removed intermediate container d4c5c2af49d1
 ---> 077675c47145
Successfully built 077675c47145
Successfully tagged expertos-web:latest
